
> materialize-mui-nextjs-admin-template@6.0.0 lint
> eslint . --ext .js,.jsx,.ts,.tsx


E:\WebProgramming\al_ittihad\prisma\clear-all-data.ts
  43:11  error  'kasTunai' is assigned a value but never used     @typescript-eslint/no-unused-vars
  48:11  error  'bankBSI' is assigned a value but never used      @typescript-eslint/no-unused-vars
  53:11  error  'bankMandiri' is assigned a value but never used  @typescript-eslint/no-unused-vars

E:\WebProgramming\al_ittihad\src\components\layout\front-pages\Footer.tsx
   7:8   error  'Chip' is defined but never used                                 @typescript-eslint/no-unused-vars
  43:80  error  `'` can be escaped with `&apos;`, `&lsquo;`, `&#39;`, `&rsquo;`  react/no-unescaped-entities

E:\WebProgramming\al_ittihad\src\utils\clearLocalStorage.tsx
  3:10  error  'useEffect' is defined but never used  @typescript-eslint/no-unused-vars

E:\WebProgramming\al_ittihad\src\views\cms\BeritaView.tsx
   92:11  error  'info' is defined but never used   @typescript-eslint/no-unused-vars
  182:14  error  'error' is defined but never used  @typescript-eslint/no-unused-vars

E:\WebProgramming\al_ittihad\src\views\cms\GaleriView.tsx
   24:3   error  'CardMedia' is defined but never used  @typescript-eslint/no-unused-vars
   31:8   error  'ImageIcon' is defined but never used  @typescript-eslint/no-unused-vars
  111:11  error  'info' is defined but never used       @typescript-eslint/no-unused-vars
  206:14  error  'error' is defined but never used      @typescript-eslint/no-unused-vars

E:\WebProgramming\al_ittihad\src\views\cms\GuruView.tsx
  112:11  error  'info' is defined but never used   @typescript-eslint/no-unused-vars
  213:14  error  'error' is defined but never used  @typescript-eslint/no-unused-vars

E:\WebProgramming\al_ittihad\src\views\cms\info-sekolah\InfoSekolahView.tsx
   17:8   error  'Divider' is defined but never used  @typescript-eslint/no-unused-vars
  111:29  error  'section' is defined but never used  @typescript-eslint/no-unused-vars

E:\WebProgramming\al_ittihad\src\views\cms\portal-users\PortalUsersView.tsx
  69:10  error  'pagination' is assigned a value but never used     @typescript-eslint/no-unused-vars
  69:22  error  'setPagination' is assigned a value but never used  @typescript-eslint/no-unused-vars

E:\WebProgramming\al_ittihad\src\views\financial\cash-bank\CashMutationTable.tsx
  70:10  error  'isLoading' is assigned a value but never used  @typescript-eslint/no-unused-vars

E:\WebProgramming\al_ittihad\src\views\front-pages\landing-page\index.tsx
  13:31  error  'mode' is defined but never used  @typescript-eslint/no-unused-vars

E:\WebProgramming\al_ittihad\src\views\ppdb\PPDBListPage.tsx
   43:17  error    'locale' is assigned a value but never used                                                                            @typescript-eslint/no-unused-vars
   50:10  error    'pagination' is assigned a value but never used                                                                        @typescript-eslint/no-unused-vars
   50:22  error    'setPagination' is assigned a value but never used                                                                     @typescript-eslint/no-unused-vars
  114:5   warning  React Hook useMemo has a missing dependency: 'columnHelper'. Either include it or remove the dependency array          react-hooks/exhaustive-deps
  128:6   warning  React Hook useEffect has a missing dependency: 'fetchRegistrations'. Either include it or remove the dependency array  react-hooks/exhaustive-deps

E:\WebProgramming\al_ittihad\src\views\rab\BudgetApprovalTable.tsx
  18:8   error  'CircularProgress' is defined but never used    @typescript-eslint/no-unused-vars
  62:10  error  'isLoading' is assigned a value but never used  @typescript-eslint/no-unused-vars

Γ£û 27 problems (25 errors, 2 warnings)

