
> materialize-mui-nextjs-admin-template@6.0.0 lint
> eslint . --ext .js,.jsx,.ts,.tsx


E:\WebProgramming\al_ittihad\src\app\[lang]\(dashboard)\(private)\apps\user\view\page.tsx
  32:1  error  Expected blank line before this statement  padding-line-between-statements
  35:1  error  Expected blank line before this statement  padding-line-between-statements
  38:1  error  Expected blank line before this statement  padding-line-between-statements
  41:1  error  Expected blank line before this statement  padding-line-between-statements

E:\WebProgramming\al_ittihad\src\app\[lang]\(dashboard)\(private)\pages\account-settings\page.tsx
  24:1  error  Expected blank line before this statement  padding-line-between-statements
  27:1  error  Expected blank line before this statement  padding-line-between-statements
  30:1  error  Expected blank line before this statement  padding-line-between-statements
  33:1  error  Expected blank line before this statement  padding-line-between-statements

E:\WebProgramming\al_ittihad\src\app\[lang]\(dashboard)\(private)\pages\user-profile\page.tsx
  30:1  error  Expected blank line before this statement  padding-line-between-statements
  33:1  error  Expected blank line before this statement  padding-line-between-statements
  36:1  error  Expected blank line before this statement  padding-line-between-statements

E:\WebProgramming\al_ittihad\src\app\[lang]\(dashboard)\admin\migrate\page.tsx
    3:1  error  There should be at least one empty line between import groups  import/order
   27:7  error  Expected blank line before this statement                      padding-line-between-statements
  111:9  error  'runMigration' is assigned a value but never used              @typescript-eslint/no-unused-vars

E:\WebProgramming\al_ittihad\src\app\[lang]\(dashboard)\clear-storage\page.tsx
  3:1   error  There should be at least one empty line between import groups  import/order
  3:10  error  'useEffect' is defined but never used                          @typescript-eslint/no-unused-vars

E:\WebProgramming\al_ittihad\src\app\[lang]\(dashboard)\simple-test\page.tsx
    4:1   error  There should be at least one empty line between import groups    import/order
    5:1   error  `react` import should occur before import of `framer-motion`     import/order
  123:32  error  `'` can be escaped with `&apos;`, `&lsquo;`, `&#39;`, `&rsquo;`  react/no-unescaped-entities

E:\WebProgramming\al_ittihad\src\app\api\accounts\route.ts
   1:1  error  Imports "NextRequest" are only used as type                    @typescript-eslint/consistent-type-imports
   1:1  error  There should be at least one empty line between import groups  import/order
  14:5  error  Expected newline before return statement                       newline-before-return
  30:5  error  Expected newline before return statement                       newline-before-return

E:\WebProgramming\al_ittihad\src\app\api\expenses\route.ts
   1:1  error  Imports "NextRequest" are only used as type                    @typescript-eslint/consistent-type-imports
   1:1  error  There should be at least one empty line between import groups  import/order
  13:5  error  Expected blank line before this statement                      padding-line-between-statements
  14:5  error  Expected blank line before this statement                      padding-line-between-statements
  45:5  error  Expected newline before return statement                       newline-before-return
  83:5  error  Expected newline before return statement                       newline-before-return

E:\WebProgramming\al_ittihad\src\app\api\incomes\[id]\route.ts
   9:3  error  Expected blank line before this statement  padding-line-between-statements
  32:3  error  Expected blank line before this statement  padding-line-between-statements

E:\WebProgramming\al_ittihad\src\app\api\incomes\route.ts
   1:1  error  Imports "NextRequest" are only used as type                    @typescript-eslint/consistent-type-imports
   1:1  error  There should be at least one empty line between import groups  import/order
  13:5  error  Expected blank line before this statement                      padding-line-between-statements
  14:5  error  Expected blank line before this statement                      padding-line-between-statements
  38:5  error  Expected newline before return statement                       newline-before-return
  64:5  error  Expected newline before return statement                       newline-before-return

E:\WebProgramming\al_ittihad\src\app\api\migrate\route.ts
    1:1  error  Imports "NextRequest" are only used as type                    @typescript-eslint/consistent-type-imports
    1:1  error  There should be at least one empty line between import groups  import/order
  112:9  error  Expected blank line before this statement                      padding-line-between-statements
  138:9  error  Expected blank line before this statement                      padding-line-between-statements
  148:9  error  Expected blank line before this statement                      padding-line-between-statements
  158:9  error  Expected blank line before this statement                      padding-line-between-statements
  176:9  error  Expected blank line before this statement                      padding-line-between-statements
  192:5  error  Expected newline before return statement                       newline-before-return

E:\WebProgramming\al_ittihad\src\app\api\seed\route.ts
  13:13  error  'includeTestData' is assigned a value but never used  @typescript-eslint/no-unused-vars

E:\WebProgramming\al_ittihad\src\app\api\spp-payments\route.ts
   1:1  error  Imports "NextRequest" are only used as type                    @typescript-eslint/consistent-type-imports
   1:1  error  There should be at least one empty line between import groups  import/order
  13:5  error  Expected blank line before this statement                      padding-line-between-statements
  36:5  error  Expected newline before return statement                       newline-before-return
  63:5  error  Expected newline before return statement                       newline-before-return

E:\WebProgramming\al_ittihad\src\app\api\students\route.ts
   1:1  error  Imports "NextRequest" are only used as type                    @typescript-eslint/consistent-type-imports
   1:1  error  There should be at least one empty line between import groups  import/order
  35:5  error  Expected newline before return statement                       newline-before-return
  83:5  error  Expected newline before return statement                       newline-before-return

E:\WebProgramming\al_ittihad\src\components\ui\button.tsx
   1:1  error  There should be at least one empty line between import groups  import/order
  42:5  error  Expected blank line before this statement                      padding-line-between-statements
  42:5  error  Expected newline before return statement                       newline-before-return
  45:1  error  Expected blank line before this statement                      padding-line-between-statements

E:\WebProgramming\al_ittihad\src\components\ui\input.tsx
   5:18  error  An interface declaring no members is equivalent to its supertype  @typescript-eslint/no-empty-object-type
  20:1   error  Expected blank line before this statement                         padding-line-between-statements

E:\WebProgramming\al_ittihad\src\components\ui\sheet.tsx
   3:1  error  There should be at least one empty line between import groups  import/order
  31:1  error  Expected blank line before this statement                      padding-line-between-statements
  70:1  error  Expected blank line before this statement                      padding-line-between-statements
  75:1  error  Expected blank line before this statement                      padding-line-between-statements
  80:1  error  Expected blank line before this statement                      padding-line-between-statements
  88:1  error  Expected blank line before this statement                      padding-line-between-statements
  96:1  error  Expected blank line before this statement                      padding-line-between-statements

E:\WebProgramming\al_ittihad\src\components\ui\tooltip.tsx
   3:1  error  There should be at least one empty line between import groups  import/order
  28:1  error  Expected blank line before this statement                      padding-line-between-statements

E:\WebProgramming\al_ittihad\src\contexts\AppContext.tsx
  276:10  error  'isDataLoaded' is assigned a value but never used     @typescript-eslint/no-unused-vars
  276:24  error  'setIsDataLoaded' is assigned a value but never used  @typescript-eslint/no-unused-vars

E:\WebProgramming\al_ittihad\src\hooks\use-mobile.tsx
  10:5  error  Expected blank line before this statement  padding-line-between-statements
  13:5  error  Expected blank line before this statement  padding-line-between-statements
  15:5  error  Expected newline before return statement   newline-before-return

E:\WebProgramming\al_ittihad\src\hooks\useApi.ts
  23:7  error  Expected blank line before this statement  padding-line-between-statements
  53:7  error  Expected blank line before this statement  padding-line-between-statements
  54:7  error  Expected newline before return statement   newline-before-return
  57:7  error  Expected blank line before this statement  padding-line-between-statements

E:\WebProgramming\al_ittihad\src\utils\clearLocalStorage.tsx
  3:1   error  There should be at least one empty line between import groups  import/order
  3:10  error  'useEffect' is defined but never used                          @typescript-eslint/no-unused-vars

E:\WebProgramming\al_ittihad\src\views\akademik\AddTeacherForm.tsx
  94:7  error  Expected blank line before this statement  padding-line-between-statements
  97:7  error  Expected blank line before this statement  padding-line-between-statements

E:\WebProgramming\al_ittihad\src\views\akademik\EditStudentForm.tsx
  82:1   error  `react-toastify` import should occur before type import of `@configs/i18n`  import/order
  93:10  error  'error' is assigned a value but never used                                  @typescript-eslint/no-unused-vars

E:\WebProgramming\al_ittihad\src\views\akademik\EditTeacherForm.tsx
  120:7  error  Expected blank line before this statement  padding-line-between-statements
  123:7  error  Expected blank line before this statement  padding-line-between-statements

E:\WebProgramming\al_ittihad\src\views\akademik\TeacherDetail.tsx
   33:7  error  'initialData' is assigned a value but never used  @typescript-eslint/no-unused-vars
  126:5  error  Expected blank line before this statement         padding-line-between-statements

E:\WebProgramming\al_ittihad\src\views\financial\expense\ExpenseListTable.tsx
  130:7   error  Expected blank line before this statement  padding-line-between-statements
  188:11  error  Expected blank line before this statement  padding-line-between-statements
  188:11  error  Expected newline before return statement   newline-before-return

E:\WebProgramming\al_ittihad\src\views\financial\income\IncomeListTable.tsx
  130:7   error  Expected blank line before this statement  padding-line-between-statements
  184:11  error  Expected blank line before this statement  padding-line-between-statements
  184:11  error  Expected newline before return statement   newline-before-return

E:\WebProgramming\al_ittihad\src\views\pengaturan\BankAccountTable.tsx
  133:5  warning  React Hook useMemo has missing dependencies: 'handleDelete' and 'handleToggleStatus'. Either include them or remove the dependency array  react-hooks/exhaustive-deps

E:\WebProgramming\al_ittihad\src\views\spp\SPPRateTable.tsx
  4:29  error  'useEffect' is defined but never used  @typescript-eslint/no-unused-vars

Γ£û 97 problems (96 errors, 1 warning)
  84 errors and 0 warnings potentially fixable with the `--fix` option.

