
> materialize-mui-nextjs-admin-template@6.0.0 lint
> eslint . --ext .js,.jsx,.ts,.tsx


E:\WebProgramming\al_ittihad\prisma\check-mutations.ts
  11:3  error  Expected blank line before this statement  padding-line-between-statements
  21:5  error  Expected blank line before this statement  padding-line-between-statements
  28:3  error  Expected blank line before this statement  padding-line-between-statements

E:\WebProgramming\al_ittihad\prisma\clear-all-data.ts
  13:5   error  Expected blank line before this statement         padding-line-between-statements
  18:5   error  Expected blank line before this statement         padding-line-between-statements
  23:5   error  Expected blank line before this statement         padding-line-between-statements
  28:5   error  Expected blank line before this statement         padding-line-between-statements
  33:5   error  Expected blank line before this statement         padding-line-between-statements
  37:5   error  Expected blank line before this statement         padding-line-between-statements
  37:11  error  'kasTunai' is assigned a value but never used     @typescript-eslint/no-unused-vars
  41:5   error  Expected blank line before this statement         padding-line-between-statements
  41:11  error  'bankBSI' is assigned a value but never used      @typescript-eslint/no-unused-vars
  45:5   error  Expected blank line before this statement         padding-line-between-statements
  45:11  error  'bankMandiri' is assigned a value but never used  @typescript-eslint/no-unused-vars
  49:5   error  Expected blank line before this statement         padding-line-between-statements
  55:5   error  Expected blank line before this statement         padding-line-between-statements
  58:5   error  Expected blank line before this statement         padding-line-between-statements

E:\WebProgramming\al_ittihad\prisma\clear-transactions.ts
  15:5  error  Expected blank line before this statement  padding-line-between-statements
  19:5  error  Expected blank line before this statement  padding-line-between-statements
  23:5  error  Expected blank line before this statement  padding-line-between-statements
  27:5  error  Expected blank line before this statement  padding-line-between-statements
  31:5  error  Expected blank line before this statement  padding-line-between-statements

E:\WebProgramming\al_ittihad\src\app\(public)\berita\page.tsx
  1:1  error  All imports in the declaration are only used as types. Use `import type`  @typescript-eslint/consistent-type-imports

E:\WebProgramming\al_ittihad\src\app\[lang]\(dashboard)\(private)\cms\berita\[id]\edit\page.tsx
  2:1  error  There should be at least one empty line between import groups  import/order
  3:1  error  There should be at least one empty line between import groups  import/order

E:\WebProgramming\al_ittihad\src\app\[lang]\(dashboard)\(private)\cms\berita\tambah\page.tsx
  2:1  error  There should be at least one empty line between import groups  import/order
  3:1  error  There should be at least one empty line between import groups  import/order

E:\WebProgramming\al_ittihad\src\app\api\academic-years\[id]\route.ts
  36:5  error  Expected blank line before this statement  padding-line-between-statements
  54:5  error  Expected blank line before this statement  padding-line-between-statements

E:\WebProgramming\al_ittihad\src\app\api\accounts\[id]\route.ts
  25:5  error  Expected blank line before this statement  padding-line-between-statements
  43:5  error  Expected blank line before this statement  padding-line-between-statements

E:\WebProgramming\al_ittihad\src\app\api\categories\[id]\route.ts
  25:5  error  Expected blank line before this statement  padding-line-between-statements
  43:5  error  Expected blank line before this statement  padding-line-between-statements

E:\WebProgramming\al_ittihad\src\app\api\ppdb\[id]\reject\route.ts
  1:1  error  Imports "NextRequest" are only used as type  @typescript-eslint/consistent-type-imports

E:\WebProgramming\al_ittihad\src\app\api\ppdb\[id]\route.ts
  1:1  error  Imports "NextRequest" are only used as type  @typescript-eslint/consistent-type-imports

E:\WebProgramming\al_ittihad\src\components\AOSProvider.tsx
  3:1  error  There should be at least one empty line between import groups  import/order

E:\WebProgramming\al_ittihad\src\components\layout\FrontNavigation.tsx
  226:15  error  Expected blank line before this statement  padding-line-between-statements

E:\WebProgramming\al_ittihad\src\components\layout\front-pages\Footer.tsx
   7:8   error  'Chip' is defined but never used                                 @typescript-eslint/no-unused-vars
  43:80  error  `'` can be escaped with `&apos;`, `&lsquo;`, `&#39;`, `&rsquo;`  react/no-unescaped-entities

E:\WebProgramming\al_ittihad\src\proxy.ts
  30:5  error  Expected blank line before this statement  padding-line-between-statements
  31:5  error  Expected newline before return statement   newline-before-return

E:\WebProgramming\al_ittihad\src\utils\clearLocalStorage.tsx
  3:10  error  'useEffect' is defined but never used  @typescript-eslint/no-unused-vars

E:\WebProgramming\al_ittihad\src\views\cms\BeritaView.tsx
   92:11  error  'info' is defined but never used   @typescript-eslint/no-unused-vars
  182:14  error  'error' is defined but never used  @typescript-eslint/no-unused-vars

E:\WebProgramming\al_ittihad\src\views\cms\GaleriView.tsx
   24:3   error  'CardMedia' is defined but never used  @typescript-eslint/no-unused-vars
   31:8   error  'ImageIcon' is defined but never used  @typescript-eslint/no-unused-vars
  111:11  error  'info' is defined but never used       @typescript-eslint/no-unused-vars
  206:14  error  'error' is defined but never used      @typescript-eslint/no-unused-vars

E:\WebProgramming\al_ittihad\src\views\cms\GuruView.tsx
  112:11  error  'info' is defined but never used   @typescript-eslint/no-unused-vars
  213:14  error  'error' is defined but never used  @typescript-eslint/no-unused-vars

E:\WebProgramming\al_ittihad\src\views\cms\info-sekolah\InfoSekolahView.tsx
   17:8   error  'Divider' is defined but never used  @typescript-eslint/no-unused-vars
  111:29  error  'section' is defined but never used  @typescript-eslint/no-unused-vars

E:\WebProgramming\al_ittihad\src\views\cms\portal-users\PortalUsersView.tsx
  69:10  error  'pagination' is assigned a value but never used     @typescript-eslint/no-unused-vars
  69:22  error  'setPagination' is assigned a value but never used  @typescript-eslint/no-unused-vars

E:\WebProgramming\al_ittihad\src\views\financial\cash-bank\CashMutationTable.tsx
  70:10  error  'isLoading' is assigned a value but never used  @typescript-eslint/no-unused-vars

E:\WebProgramming\al_ittihad\src\views\front-pages\landing-page\Faqs.tsx
  84:5  error  Expected blank line before this statement  padding-line-between-statements

E:\WebProgramming\al_ittihad\src\views\front-pages\landing-page\StatisticsSection.tsx
  54:3  error  Expected blank line before this statement  padding-line-between-statements

E:\WebProgramming\al_ittihad\src\views\front-pages\landing-page\index.tsx
  13:31  error  'mode' is defined but never used  @typescript-eslint/no-unused-vars

E:\WebProgramming\al_ittihad\src\views\ppdb\PPDBListPage.tsx
   43:17  error    'locale' is assigned a value but never used                                                                            @typescript-eslint/no-unused-vars
   50:10  error    'pagination' is assigned a value but never used                                                                        @typescript-eslint/no-unused-vars
   50:22  error    'setPagination' is assigned a value but never used                                                                     @typescript-eslint/no-unused-vars
  114:5   warning  React Hook useMemo has a missing dependency: 'columnHelper'. Either include it or remove the dependency array          react-hooks/exhaustive-deps
  128:6   warning  React Hook useEffect has a missing dependency: 'fetchRegistrations'. Either include it or remove the dependency array  react-hooks/exhaustive-deps

E:\WebProgramming\al_ittihad\src\views\rab\BudgetApprovalTable.tsx
  18:8   error  'CircularProgress' is defined but never used    @typescript-eslint/no-unused-vars
  62:10  error  'isLoading' is assigned a value but never used  @typescript-eslint/no-unused-vars

Γ£û 65 problems (63 errors, 2 warnings)
  38 errors and 0 warnings potentially fixable with the `--fix` option.

