prisma/seed.ts(105,27): error TS2339: Property 'nickname' does not exist on type '{ id: string; nis: string; nisn: string; name: string; grade: string; class: string; birthDate: string; gender: string; address: string; parentName: string; parentPhone: string; status: string; }'.
prisma/seed.ts(108,29): error TS2339: Property 'birthPlace' does not exist on type '{ id: string; nis: string; nisn: string; name: string; grade: string; class: string; birthDate: string; gender: string; address: string; parentName: string; parentPhone: string; status: string; }'.
prisma/seed.ts(111,27): error TS2339: Property 'religion' does not exist on type '{ id: string; nis: string; nisn: string; name: string; grade: string; class: string; birthDate: string; gender: string; address: string; parentName: string; parentPhone: string; status: string; }'.
prisma/seed.ts(113,21): error TS2339: Property 'rt' does not exist on type '{ id: string; nis: string; nisn: string; name: string; grade: string; class: string; birthDate: string; gender: string; address: string; parentName: string; parentPhone: string; status: string; }'.
prisma/seed.ts(114,21): error TS2339: Property 'rw' does not exist on type '{ id: string; nis: string; nisn: string; name: string; grade: string; class: string; birthDate: string; gender: string; address: string; parentName: string; parentPhone: string; status: string; }'.
prisma/seed.ts(115,28): error TS2339: Property 'kelurahan' does not exist on type '{ id: string; nis: string; nisn: string; name: string; grade: string; class: string; birthDate: string; gender: string; address: string; parentName: string; parentPhone: string; status: string; }'.
prisma/seed.ts(116,28): error TS2339: Property 'kecamatan' does not exist on type '{ id: string; nis: string; nisn: string; name: string; grade: string; class: string; birthDate: string; gender: string; address: string; parentName: string; parentPhone: string; status: string; }'.
prisma/seed.ts(117,23): error TS2339: Property 'city' does not exist on type '{ id: string; nis: string; nisn: string; name: string; grade: string; class: string; birthDate: string; gender: string; address: string; parentName: string; parentPhone: string; status: string; }'.
prisma/seed.ts(118,27): error TS2339: Property 'province' does not exist on type '{ id: string; nis: string; nisn: string; name: string; grade: string; class: string; birthDate: string; gender: string; address: string; parentName: string; parentPhone: string; status: string; }'.
prisma/seed.ts(119,29): error TS2339: Property 'postalCode' does not exist on type '{ id: string; nis: string; nisn: string; name: string; grade: string; class: string; birthDate: string; gender: string; address: string; parentName: string; parentPhone: string; status: string; }'.
prisma/seed.ts(121,29): error TS2339: Property 'fatherName' does not exist on type '{ id: string; nis: string; nisn: string; name: string; grade: string; class: string; birthDate: string; gender: string; address: string; parentName: string; parentPhone: string; status: string; }'.
prisma/seed.ts(122,29): error TS2339: Property 'motherName' does not exist on type '{ id: string; nis: string; nisn: string; name: string; grade: string; class: string; birthDate: string; gender: string; address: string; parentName: string; parentPhone: string; status: string; }'.
prisma/seed.ts(123,31): error TS2339: Property 'guardianName' does not exist on type '{ id: string; nis: string; nisn: string; name: string; grade: string; class: string; birthDate: string; gender: string; address: string; parentName: string; parentPhone: string; status: string; }'.
prisma/seed.ts(124,35): error TS2339: Property 'guardianRelation' does not exist on type '{ id: string; nis: string; nisn: string; name: string; grade: string; class: string; birthDate: string; gender: string; address: string; parentName: string; parentPhone: string; status: string; }'.
prisma/seed.ts(125,24): error TS2339: Property 'phone' does not exist on type '{ id: string; nis: string; nisn: string; name: string; grade: string; class: string; birthDate: string; gender: string; address: string; parentName: string; parentPhone: string; status: string; }'.
prisma/seed.ts(127,24): error TS2339: Property 'email' does not exist on type '{ id: string; nis: string; nisn: string; name: string; grade: string; class: string; birthDate: string; gender: string; address: string; parentName: string; parentPhone: string; status: string; }'.
prisma/seed.ts(128,33): error TS2339: Property 'enrollmentDate' does not exist on type '{ id: string; nis: string; nisn: string; name: string; grade: string; class: string; birthDate: string; gender: string; address: string; parentName: string; parentPhone: string; status: string; }'.
prisma/seed.ts(129,31): error TS2339: Property 'sppStartDate' does not exist on type '{ id: string; nis: string; nisn: string; name: string; grade: string; class: string; birthDate: string; gender: string; address: string; parentName: string; parentPhone: string; status: string; }'.
prisma/seed.ts(130,33): error TS2339: Property 'previousSchool' does not exist on type '{ id: string; nis: string; nisn: string; name: string; grade: string; class: string; birthDate: string; gender: string; address: string; parentName: string; parentPhone: string; status: string; }'.
prisma/seed.ts(132,24): error TS2339: Property 'photo' does not exist on type '{ id: string; nis: string; nisn: string; name: string; grade: string; class: string; birthDate: string; gender: string; address: string; parentName: string; parentPhone: string; status: string; }'.
src/app/[lang]/(dashboard)/(private)/apps/financial/transactions/page.tsx(11,8): error TS2769: No overload matches this call.
  Overload 1 of 2, '(props: { component: ElementType<any, keyof IntrinsicElements>; } & GridBaseProps & { sx?: SxProps<Theme> | undefined; } & SystemProps<...> & Omit<...>): Element | null', gave the following error.
    Property 'component' is missing in type '{ children: Element[]; item: true; xs: number; }' but required in type '{ component: ElementType<any, keyof IntrinsicElements>; }'.
  Overload 2 of 2, '(props: DefaultComponentProps<GridTypeMap<{}, "div">>): Element | null', gave the following error.
    Type '{ children: Element[]; item: true; xs: number; }' is not assignable to type 'IntrinsicAttributes & GridBaseProps & { sx?: SxProps<Theme> | undefined; } & SystemProps<Theme> & Omit<...>'.
      Property 'item' does not exist on type 'IntrinsicAttributes & GridBaseProps & { sx?: SxProps<Theme> | undefined; } & SystemProps<Theme> & Omit<...>'.
src/app/[lang]/(dashboard)/(private)/apps/financial/transactions/page.tsx(19,8): error TS2769: No overload matches this call.
  Overload 1 of 2, '(props: { component: ElementType<any, keyof IntrinsicElements>; } & GridBaseProps & { sx?: SxProps<Theme> | undefined; } & SystemProps<...> & Omit<...>): Element | null', gave the following error.
    Property 'component' is missing in type '{ children: Element; item: true; xs: number; }' but required in type '{ component: ElementType<any, keyof IntrinsicElements>; }'.
  Overload 2 of 2, '(props: DefaultComponentProps<GridTypeMap<{}, "div">>): Element | null', gave the following error.
    Type '{ children: Element; item: true; xs: number; }' is not assignable to type 'IntrinsicAttributes & GridBaseProps & { sx?: SxProps<Theme> | undefined; } & SystemProps<Theme> & Omit<...>'.
      Property 'item' does not exist on type 'IntrinsicAttributes & GridBaseProps & { sx?: SxProps<Theme> | undefined; } & SystemProps<Theme> & Omit<...>'.
src/app/api/spp-rates/route.ts(2,24): error TS2307: Cannot find module '@/libs/prisma' or its corresponding type declarations.
src/components/animate-ui/animated-menu-components.tsx(36,9): error TS2322: Type '{ hidden: { opacity: number; x: number; transition: { duration: number; }; }; visible: { opacity: number; x: number; transition: { duration: number; ease: number[]; }; }; hover: { x: number; scale: number; backgroundColor: string; transition: { ...; }; }; active: { ...; }; tap: { ...; }; }' is not assignable to type 'Variants'.
  Property 'visible' is incompatible with index signature.
    Type '{ opacity: number; x: number; transition: { duration: number; ease: number[]; }; }' is not assignable to type 'Variant'.
      Type '{ opacity: number; x: number; transition: { duration: number; ease: number[]; }; }' is not assignable to type 'TargetAndTransition'.
        Type '{ opacity: number; x: number; transition: { duration: number; ease: number[]; }; }' is not assignable to type '{ transition?: Transition<any> | undefined; transitionEnd?: ResolvedValues | undefined; }'.
          Types of property 'transition' are incompatible.
            Type '{ duration: number; ease: number[]; }' is not assignable to type 'Transition<any> | undefined'.
              Type '{ duration: number; ease: number[]; }' is not assignable to type 'TransitionWithValueOverrides<any>'.
                Type '{ duration: number; ease: number[]; }' is not assignable to type 'ValueAnimationTransition<any>'.
                  Types of property 'ease' are incompatible.
                    Type 'number[]' is not assignable to type 'Easing | Easing[] | undefined'.
                      Type 'number[]' is not assignable to type 'EasingFunction | Easing[]'.
                        Type 'number[]' is not assignable to type 'Easing[]'.
                          Type 'number' is not assignable to type 'Easing'.
src/components/animate-ui/animated-menu-components.tsx(100,11): error TS2322: Type '{ closed: { height: number; opacity: number; transition: { height: { duration: number; ease: number[]; }; opacity: { duration: number; ease: string; }; }; }; open: { height: string; opacity: number; transition: { ...; }; }; }' is not assignable to type 'Variants'.
  Property 'closed' is incompatible with index signature.
    Type '{ height: number; opacity: number; transition: { height: { duration: number; ease: number[]; }; opacity: { duration: number; ease: string; }; }; }' is not assignable to type 'Variant'.
      Type '{ height: number; opacity: number; transition: { height: { duration: number; ease: number[]; }; opacity: { duration: number; ease: string; }; }; }' is not assignable to type 'TargetAndTransition'.
        Types of property 'transition' are incompatible.
          Type '{ height: { duration: number; ease: number[]; }; opacity: { duration: number; ease: string; }; }' is not assignable to type 'Transition<any> | undefined'.
            Type '{ height: { duration: number; ease: number[]; }; opacity: { duration: number; ease: string; }; }' is not assignable to type 'TransitionWithValueOverrides<any>'.
              Type '{ height: { duration: number; ease: number[]; }; opacity: { duration: number; ease: string; }; }' is not assignable to type 'StyleTransitions'.
                The types of 'height.ease' are incompatible between these types.
                  Type 'number[]' is not assignable to type 'Easing | Easing[] | undefined'.
                    Type 'number[]' is not assignable to type 'EasingFunction | Easing[]'.
                      Type 'number[]' is not assignable to type 'Easing[]'.
                        Type 'number' is not assignable to type 'Easing'.
src/components/animate-ui/animated-menu-components.tsx(134,7): error TS2322: Type '{ closed: { rotate: number; transition: { duration: number; ease: number[]; }; }; open: { rotate: number; transition: { duration: number; ease: number[]; }; }; }' is not assignable to type 'Variants'.
  Property 'closed' is incompatible with index signature.
    Type '{ rotate: number; transition: { duration: number; ease: number[]; }; }' is not assignable to type 'Variant'.
      Type '{ rotate: number; transition: { duration: number; ease: number[]; }; }' is not assignable to type 'TargetAndTransition'.
        Type '{ rotate: number; transition: { duration: number; ease: number[]; }; }' is not assignable to type '{ transition?: Transition<any> | undefined; transitionEnd?: ResolvedValues | undefined; }'.
          Types of property 'transition' are incompatible.
            Type '{ duration: number; ease: number[]; }' is not assignable to type 'Transition<any> | undefined'.
              Type '{ duration: number; ease: number[]; }' is not assignable to type 'TransitionWithValueOverrides<any>'.
                Type '{ duration: number; ease: number[]; }' is not assignable to type 'ValueAnimationTransition<any>'.
                  Types of property 'ease' are incompatible.
                    Type 'number[]' is not assignable to type 'Easing | Easing[] | undefined'.
                      Type 'number[]' is not assignable to type 'EasingFunction | Easing[]'.
                        Type 'number[]' is not assignable to type 'Easing[]'.
                          Type 'number' is not assignable to type 'Easing'.
src/components/animate-ui/animated-menu-components.tsx(180,39): error TS2322: Type '{ hidden: { opacity: number; y: number; }; visible: { opacity: number; y: number; transition: { duration: number; ease: string; }; }; }' is not assignable to type 'Variants'.
  Property 'visible' is incompatible with index signature.
    Type '{ opacity: number; y: number; transition: { duration: number; ease: string; }; }' is not assignable to type 'Variant'.
      Type '{ opacity: number; y: number; transition: { duration: number; ease: string; }; }' is not assignable to type 'TargetAndTransition'.
        Type '{ opacity: number; y: number; transition: { duration: number; ease: string; }; }' is not assignable to type '{ transition?: Transition<any> | undefined; transitionEnd?: ResolvedValues | undefined; }'.
          Types of property 'transition' are incompatible.
            Type '{ duration: number; ease: string; }' is not assignable to type 'Transition<any> | undefined'.
              Type '{ duration: number; ease: string; }' is not assignable to type 'TransitionWithValueOverrides<any>'.
                Type '{ duration: number; ease: string; }' is not assignable to type 'ValueAnimationTransition<any>'.
                  Types of property 'ease' are incompatible.
                    Type 'string' is not assignable to type 'Easing | Easing[] | undefined'.
src/components/animate-ui/animated-menu-components.tsx(202,7): error TS2322: Type '{ initial: { scale: number; opacity: number; }; animate: { scale: number; opacity: number; transition: { type: string; stiffness: number; damping: number; }; }; exit: { scale: number; opacity: number; transition: { ...; }; }; pulse: { ...; }; }' is not assignable to type 'Variants'.
  Property 'animate' is incompatible with index signature.
    Type '{ scale: number; opacity: number; transition: { type: string; stiffness: number; damping: number; }; }' is not assignable to type 'Variant'.
      Type '{ scale: number; opacity: number; transition: { type: string; stiffness: number; damping: number; }; }' is not assignable to type 'TargetAndTransition'.
        Type '{ scale: number; opacity: number; transition: { type: string; stiffness: number; damping: number; }; }' is not assignable to type '{ transition?: Transition<any> | undefined; transitionEnd?: ResolvedValues | undefined; }'.
          Types of property 'transition' are incompatible.
            Type '{ type: string; stiffness: number; damping: number; }' is not assignable to type 'Transition<any> | undefined'.
              Type '{ type: string; stiffness: number; damping: number; }' is not assignable to type 'TransitionWithValueOverrides<any>'.
                Type '{ type: string; stiffness: number; damping: number; }' is not assignable to type 'ValueAnimationTransition<any>'.
                  Types of property 'type' are incompatible.
                    Type 'string' is not assignable to type 'AnimationGeneratorType | undefined'.
src/components/sidebar/app-sidebar.tsx(47,32): error TS2322: Type '{ children: Element; size: string; asChild: true; }' is not assignable to type 'IntrinsicAttributes & Omit<ClassAttributes<HTMLButtonElement> & ButtonHTMLAttributes<HTMLButtonElement> & { ...; }, "ref"> & RefAttributes<...>'.
  Property 'size' does not exist on type 'IntrinsicAttributes & Omit<ClassAttributes<HTMLButtonElement> & ButtonHTMLAttributes<HTMLButtonElement> & { ...; }, "ref"> & RefAttributes<...>'.
src/components/sidebar/app-sidebar.tsx(67,26): error TS2339: Property 'children' does not exist on type 'VerticalMenuDataType'.
  Property 'children' does not exist on type 'Omit<MenuItemProps, "children" | "prefix" | "icon" | "suffix" | "exactMatch" | "activeUrl"> & { exactMatch: true; activeUrl?: undefined; } & { label: ReactNode; excludeLang?: boolean | undefined; icon?: string | undefined; prefix?: ReactNode | ChipProps; suffix?: ReactNode | ChipProps; }'.
src/components/sidebar/app-sidebar.tsx(72,55): error TS2339: Property 'children' does not exist on type 'VerticalMenuDataType'.
  Property 'children' does not exist on type 'Omit<MenuItemProps, "children" | "prefix" | "icon" | "suffix" | "exactMatch" | "activeUrl"> & { exactMatch: true; activeUrl?: undefined; } & { label: ReactNode; excludeLang?: boolean | undefined; icon?: string | undefined; prefix?: ReactNode | ChipProps; suffix?: ReactNode | ChipProps; }'.
src/components/sidebar/app-sidebar.tsx(77,46): error TS2322: Type 'ReactNode' is not assignable to type 'string | (Omit<TooltipContentProps & RefAttributes<HTMLDivElement>, "ref"> & RefAttributes<HTMLDivElement>) | undefined'.
  Type 'null' is not assignable to type 'string | (Omit<TooltipContentProps & RefAttributes<HTMLDivElement>, "ref"> & RefAttributes<HTMLDivElement>) | undefined'.
src/components/sidebar/app-sidebar.tsx(78,46): error TS2322: Type 'string | ReactElement<unknown, string | JSXElementConstructor<any>>' is not assignable to type 'string | undefined'.
  Type 'ReactElement<unknown, string | JSXElementConstructor<any>>' is not assignable to type 'string'.
src/components/sidebar/app-sidebar.tsx(85,35): error TS2339: Property 'children' does not exist on type 'VerticalMenuDataType'.
  Property 'children' does not exist on type 'Omit<MenuItemProps, "children" | "prefix" | "icon" | "suffix" | "exactMatch" | "activeUrl"> & { exactMatch: true; activeUrl?: undefined; } & { label: ReactNode; excludeLang?: boolean | undefined; icon?: string | undefined; prefix?: ReactNode | ChipProps; suffix?: ReactNode | ChipProps; }'.
src/components/sidebar/app-sidebar.tsx(85,49): error TS7006: Parameter 'subItem' implicitly has an 'any' type.
src/components/sidebar/app-sidebar.tsx(85,58): error TS7006: Parameter 'subIndex' implicitly has an 'any' type.
src/components/sidebar/app-sidebar.tsx(104,72): error TS2339: Property 'href' does not exist on type 'VerticalMenuDataType'.
  Property 'href' does not exist on type 'VerticalSectionDataType'.
src/components/sidebar/app-sidebar.tsx(104,79): error TS2322: Type 'ReactNode' is not assignable to type 'string | (Omit<TooltipContentProps & RefAttributes<HTMLDivElement>, "ref"> & RefAttributes<HTMLDivElement>) | undefined'.
  Type 'null' is not assignable to type 'string | (Omit<TooltipContentProps & RefAttributes<HTMLDivElement>, "ref"> & RefAttributes<HTMLDivElement>) | undefined'.
src/components/sidebar/app-sidebar.tsx(105,40): error TS2339: Property 'href' does not exist on type 'VerticalMenuDataType'.
  Property 'href' does not exist on type 'VerticalSectionDataType'.
src/components/sidebar/app-sidebar.tsx(106,42): error TS2322: Type 'string | ReactElement<unknown, string | JSXElementConstructor<any>>' is not assignable to type 'string | undefined'.
  Type 'ReactElement<unknown, string | JSXElementConstructor<any>>' is not assignable to type 'string'.
src/components/ui/sidebar.tsx(444,41): error TS2339: Property 'variant' does not exist on type 'Omit<ClassAttributes<HTMLButtonElement> & ButtonHTMLAttributes<HTMLButtonElement> & { asChild?: boolean | undefined; isActive?: boolean | undefined; tooltip?: string | ... 1 more ... | undefined; }, "ref">'.
src/components/ui/sidebar.tsx(444,62): error TS2339: Property 'size' does not exist on type 'Omit<ClassAttributes<HTMLButtonElement> & ButtonHTMLAttributes<HTMLButtonElement> & { asChild?: boolean | undefined; isActive?: boolean | undefined; tooltip?: string | ... 1 more ... | undefined; }, "ref">'.
