prisma/seed.ts(105,27): error TS2339: Property 'nickname' does not exist on type '{ id: string; nis: string; nisn: string; name: string; grade: string; class: string; birthDate: string; gender: string; address: string; parentName: string; parentPhone: string; status: string; }'.
prisma/seed.ts(108,29): error TS2339: Property 'birthPlace' does not exist on type '{ id: string; nis: string; nisn: string; name: string; grade: string; class: string; birthDate: string; gender: string; address: string; parentName: string; parentPhone: string; status: string; }'.
prisma/seed.ts(111,27): error TS2339: Property 'religion' does not exist on type '{ id: string; nis: string; nisn: string; name: string; grade: string; class: string; birthDate: string; gender: string; address: string; parentName: string; parentPhone: string; status: string; }'.
prisma/seed.ts(113,21): error TS2339: Property 'rt' does not exist on type '{ id: string; nis: string; nisn: string; name: string; grade: string; class: string; birthDate: string; gender: string; address: string; parentName: string; parentPhone: string; status: string; }'.
prisma/seed.ts(114,21): error TS2339: Property 'rw' does not exist on type '{ id: string; nis: string; nisn: string; name: string; grade: string; class: string; birthDate: string; gender: string; address: string; parentName: string; parentPhone: string; status: string; }'.
prisma/seed.ts(115,28): error TS2339: Property 'kelurahan' does not exist on type '{ id: string; nis: string; nisn: string; name: string; grade: string; class: string; birthDate: string; gender: string; address: string; parentName: string; parentPhone: string; status: string; }'.
prisma/seed.ts(116,28): error TS2339: Property 'kecamatan' does not exist on type '{ id: string; nis: string; nisn: string; name: string; grade: string; class: string; birthDate: string; gender: string; address: string; parentName: string; parentPhone: string; status: string; }'.
prisma/seed.ts(117,23): error TS2339: Property 'city' does not exist on type '{ id: string; nis: string; nisn: string; name: string; grade: string; class: string; birthDate: string; gender: string; address: string; parentName: string; parentPhone: string; status: string; }'.
prisma/seed.ts(118,27): error TS2339: Property 'province' does not exist on type '{ id: string; nis: string; nisn: string; name: string; grade: string; class: string; birthDate: string; gender: string; address: string; parentName: string; parentPhone: string; status: string; }'.
prisma/seed.ts(119,29): error TS2339: Property 'postalCode' does not exist on type '{ id: string; nis: string; nisn: string; name: string; grade: string; class: string; birthDate: string; gender: string; address: string; parentName: string; parentPhone: string; status: string; }'.
prisma/seed.ts(121,29): error TS2339: Property 'fatherName' does not exist on type '{ id: string; nis: string; nisn: string; name: string; grade: string; class: string; birthDate: string; gender: string; address: string; parentName: string; parentPhone: string; status: string; }'.
prisma/seed.ts(122,29): error TS2339: Property 'motherName' does not exist on type '{ id: string; nis: string; nisn: string; name: string; grade: string; class: string; birthDate: string; gender: string; address: string; parentName: string; parentPhone: string; status: string; }'.
prisma/seed.ts(123,31): error TS2339: Property 'guardianName' does not exist on type '{ id: string; nis: string; nisn: string; name: string; grade: string; class: string; birthDate: string; gender: string; address: string; parentName: string; parentPhone: string; status: string; }'.
prisma/seed.ts(124,35): error TS2339: Property 'guardianRelation' does not exist on type '{ id: string; nis: string; nisn: string; name: string; grade: string; class: string; birthDate: string; gender: string; address: string; parentName: string; parentPhone: string; status: string; }'.
prisma/seed.ts(125,24): error TS2339: Property 'phone' does not exist on type '{ id: string; nis: string; nisn: string; name: string; grade: string; class: string; birthDate: string; gender: string; address: string; parentName: string; parentPhone: string; status: string; }'.
prisma/seed.ts(127,24): error TS2339: Property 'email' does not exist on type '{ id: string; nis: string; nisn: string; name: string; grade: string; class: string; birthDate: string; gender: string; address: string; parentName: string; parentPhone: string; status: string; }'.
prisma/seed.ts(128,33): error TS2339: Property 'enrollmentDate' does not exist on type '{ id: string; nis: string; nisn: string; name: string; grade: string; class: string; birthDate: string; gender: string; address: string; parentName: string; parentPhone: string; status: string; }'.
prisma/seed.ts(129,31): error TS2339: Property 'sppStartDate' does not exist on type '{ id: string; nis: string; nisn: string; name: string; grade: string; class: string; birthDate: string; gender: string; address: string; parentName: string; parentPhone: string; status: string; }'.
prisma/seed.ts(130,33): error TS2339: Property 'previousSchool' does not exist on type '{ id: string; nis: string; nisn: string; name: string; grade: string; class: string; birthDate: string; gender: string; address: string; parentName: string; parentPhone: string; status: string; }'.
prisma/seed.ts(132,24): error TS2339: Property 'photo' does not exist on type '{ id: string; nis: string; nisn: string; name: string; grade: string; class: string; birthDate: string; gender: string; address: string; parentName: string; parentPhone: string; status: string; }'.
src/@menu/components/vertical-menu/AnimatedMenuItemWrapper.tsx(8,34): error TS2307: Cannot find module '@/components/animate-ui/animated-menu-components' or its corresponding type declarations.
src/app/[lang]/(dashboard)/animation-test/page.tsx(4,59): error TS2307: Cannot find module '@/components/animate-ui/animated-menu-components' or its corresponding type declarations.
src/components/layout/vertical/VerticalMenu.tsx(29,59): error TS2307: Cannot find module '@/components/animate-ui/animated-menu-components' or its corresponding type declarations.
src/components/sidebar/app-sidebar.tsx(81,46): error TS2322: Type 'string | ReactElement<unknown, string | JSXElementConstructor<any>>' is not assignable to type 'string | undefined'.
  Type 'ReactElement<unknown, string | JSXElementConstructor<any>>' is not assignable to type 'string'.
