prisma/seed.ts(105,27): error TS2339: Property 'nickname' does not exist on type '{ id: string; nis: string; nisn: string; name: string; grade: string; class: string; birthDate: string; gender: string; address: string; parentName: string; parentPhone: string; status: string; }'.
prisma/seed.ts(108,29): error TS2339: Property 'birthPlace' does not exist on type '{ id: string; nis: string; nisn: string; name: string; grade: string; class: string; birthDate: string; gender: string; address: string; parentName: string; parentPhone: string; status: string; }'.
prisma/seed.ts(111,27): error TS2339: Property 'religion' does not exist on type '{ id: string; nis: string; nisn: string; name: string; grade: string; class: string; birthDate: string; gender: string; address: string; parentName: string; parentPhone: string; status: string; }'.
prisma/seed.ts(113,21): error TS2339: Property 'rt' does not exist on type '{ id: string; nis: string; nisn: string; name: string; grade: string; class: string; birthDate: string; gender: string; address: string; parentName: string; parentPhone: string; status: string; }'.
prisma/seed.ts(114,21): error TS2339: Property 'rw' does not exist on type '{ id: string; nis: string; nisn: string; name: string; grade: string; class: string; birthDate: string; gender: string; address: string; parentName: string; parentPhone: string; status: string; }'.
prisma/seed.ts(115,28): error TS2339: Property 'kelurahan' does not exist on type '{ id: string; nis: string; nisn: string; name: string; grade: string; class: string; birthDate: string; gender: string; address: string; parentName: string; parentPhone: string; status: string; }'.
prisma/seed.ts(116,28): error TS2339: Property 'kecamatan' does not exist on type '{ id: string; nis: string; nisn: string; name: string; grade: string; class: string; birthDate: string; gender: string; address: string; parentName: string; parentPhone: string; status: string; }'.
prisma/seed.ts(117,23): error TS2339: Property 'city' does not exist on type '{ id: string; nis: string; nisn: string; name: string; grade: string; class: string; birthDate: string; gender: string; address: string; parentName: string; parentPhone: string; status: string; }'.
prisma/seed.ts(118,27): error TS2339: Property 'province' does not exist on type '{ id: string; nis: string; nisn: string; name: string; grade: string; class: string; birthDate: string; gender: string; address: string; parentName: string; parentPhone: string; status: string; }'.
prisma/seed.ts(119,29): error TS2339: Property 'postalCode' does not exist on type '{ id: string; nis: string; nisn: string; name: string; grade: string; class: string; birthDate: string; gender: string; address: string; parentName: string; parentPhone: string; status: string; }'.
prisma/seed.ts(121,29): error TS2339: Property 'fatherName' does not exist on type '{ id: string; nis: string; nisn: string; name: string; grade: string; class: string; birthDate: string; gender: string; address: string; parentName: string; parentPhone: string; status: string; }'.
prisma/seed.ts(122,29): error TS2339: Property 'motherName' does not exist on type '{ id: string; nis: string; nisn: string; name: string; grade: string; class: string; birthDate: string; gender: string; address: string; parentName: string; parentPhone: string; status: string; }'.
prisma/seed.ts(123,31): error TS2339: Property 'guardianName' does not exist on type '{ id: string; nis: string; nisn: string; name: string; grade: string; class: string; birthDate: string; gender: string; address: string; parentName: string; parentPhone: string; status: string; }'.
prisma/seed.ts(124,35): error TS2339: Property 'guardianRelation' does not exist on type '{ id: string; nis: string; nisn: string; name: string; grade: string; class: string; birthDate: string; gender: string; address: string; parentName: string; parentPhone: string; status: string; }'.
prisma/seed.ts(125,24): error TS2339: Property 'phone' does not exist on type '{ id: string; nis: string; nisn: string; name: string; grade: string; class: string; birthDate: string; gender: string; address: string; parentName: string; parentPhone: string; status: string; }'.
prisma/seed.ts(127,24): error TS2339: Property 'email' does not exist on type '{ id: string; nis: string; nisn: string; name: string; grade: string; class: string; birthDate: string; gender: string; address: string; parentName: string; parentPhone: string; status: string; }'.
prisma/seed.ts(128,33): error TS2339: Property 'enrollmentDate' does not exist on type '{ id: string; nis: string; nisn: string; name: string; grade: string; class: string; birthDate: string; gender: string; address: string; parentName: string; parentPhone: string; status: string; }'.
prisma/seed.ts(129,31): error TS2339: Property 'sppStartDate' does not exist on type '{ id: string; nis: string; nisn: string; name: string; grade: string; class: string; birthDate: string; gender: string; address: string; parentName: string; parentPhone: string; status: string; }'.
prisma/seed.ts(130,33): error TS2339: Property 'previousSchool' does not exist on type '{ id: string; nis: string; nisn: string; name: string; grade: string; class: string; birthDate: string; gender: string; address: string; parentName: string; parentPhone: string; status: string; }'.
prisma/seed.ts(132,24): error TS2339: Property 'photo' does not exist on type '{ id: string; nis: string; nisn: string; name: string; grade: string; class: string; birthDate: string; gender: string; address: string; parentName: string; parentPhone: string; status: string; }'.
src/components/animate-ui/animated-menu-components.tsx(36,9): error TS2322: Type '{ hidden: { opacity: number; x: number; transition: { duration: number; }; }; visible: { opacity: number; x: number; transition: { duration: number; ease: number[]; }; }; hover: { x: number; scale: number; backgroundColor: string; transition: { ...; }; }; active: { ...; }; tap: { ...; }; }' is not assignable to type 'Variants'.
  Property 'visible' is incompatible with index signature.
    Type '{ opacity: number; x: number; transition: { duration: number; ease: number[]; }; }' is not assignable to type 'Variant'.
      Type '{ opacity: number; x: number; transition: { duration: number; ease: number[]; }; }' is not assignable to type 'TargetAndTransition'.
        Type '{ opacity: number; x: number; transition: { duration: number; ease: number[]; }; }' is not assignable to type '{ transition?: Transition<any> | undefined; transitionEnd?: ResolvedValues | undefined; }'.
          Types of property 'transition' are incompatible.
            Type '{ duration: number; ease: number[]; }' is not assignable to type 'Transition<any> | undefined'.
              Type '{ duration: number; ease: number[]; }' is not assignable to type 'TransitionWithValueOverrides<any>'.
                Type '{ duration: number; ease: number[]; }' is not assignable to type 'ValueAnimationTransition<any>'.
                  Types of property 'ease' are incompatible.
                    Type 'number[]' is not assignable to type 'Easing | Easing[] | undefined'.
                      Type 'number[]' is not assignable to type 'EasingFunction | Easing[]'.
                        Type 'number[]' is not assignable to type 'Easing[]'.
                          Type 'number' is not assignable to type 'Easing'.
src/components/animate-ui/animated-menu-components.tsx(100,11): error TS2322: Type '{ closed: { height: number; opacity: number; transition: { height: { duration: number; ease: number[]; }; opacity: { duration: number; ease: string; }; }; }; open: { height: string; opacity: number; transition: { ...; }; }; }' is not assignable to type 'Variants'.
  Property 'closed' is incompatible with index signature.
    Type '{ height: number; opacity: number; transition: { height: { duration: number; ease: number[]; }; opacity: { duration: number; ease: string; }; }; }' is not assignable to type 'Variant'.
      Type '{ height: number; opacity: number; transition: { height: { duration: number; ease: number[]; }; opacity: { duration: number; ease: string; }; }; }' is not assignable to type 'TargetAndTransition'.
        Types of property 'transition' are incompatible.
          Type '{ height: { duration: number; ease: number[]; }; opacity: { duration: number; ease: string; }; }' is not assignable to type 'Transition<any> | undefined'.
            Type '{ height: { duration: number; ease: number[]; }; opacity: { duration: number; ease: string; }; }' is not assignable to type 'TransitionWithValueOverrides<any>'.
              Type '{ height: { duration: number; ease: number[]; }; opacity: { duration: number; ease: string; }; }' is not assignable to type 'StyleTransitions'.
                The types of 'height.ease' are incompatible between these types.
                  Type 'number[]' is not assignable to type 'Easing | Easing[] | undefined'.
                    Type 'number[]' is not assignable to type 'EasingFunction | Easing[]'.
                      Type 'number[]' is not assignable to type 'Easing[]'.
                        Type 'number' is not assignable to type 'Easing'.
src/components/animate-ui/animated-menu-components.tsx(134,7): error TS2322: Type '{ closed: { rotate: number; transition: { duration: number; ease: number[]; }; }; open: { rotate: number; transition: { duration: number; ease: number[]; }; }; }' is not assignable to type 'Variants'.
  Property 'closed' is incompatible with index signature.
    Type '{ rotate: number; transition: { duration: number; ease: number[]; }; }' is not assignable to type 'Variant'.
      Type '{ rotate: number; transition: { duration: number; ease: number[]; }; }' is not assignable to type 'TargetAndTransition'.
        Type '{ rotate: number; transition: { duration: number; ease: number[]; }; }' is not assignable to type '{ transition?: Transition<any> | undefined; transitionEnd?: ResolvedValues | undefined; }'.
          Types of property 'transition' are incompatible.
            Type '{ duration: number; ease: number[]; }' is not assignable to type 'Transition<any> | undefined'.
              Type '{ duration: number; ease: number[]; }' is not assignable to type 'TransitionWithValueOverrides<any>'.
                Type '{ duration: number; ease: number[]; }' is not assignable to type 'ValueAnimationTransition<any>'.
                  Types of property 'ease' are incompatible.
                    Type 'number[]' is not assignable to type 'Easing | Easing[] | undefined'.
                      Type 'number[]' is not assignable to type 'EasingFunction | Easing[]'.
                        Type 'number[]' is not assignable to type 'Easing[]'.
                          Type 'number' is not assignable to type 'Easing'.
src/components/animate-ui/animated-menu-components.tsx(180,39): error TS2322: Type '{ hidden: { opacity: number; y: number; }; visible: { opacity: number; y: number; transition: { duration: number; ease: string; }; }; }' is not assignable to type 'Variants'.
  Property 'visible' is incompatible with index signature.
    Type '{ opacity: number; y: number; transition: { duration: number; ease: string; }; }' is not assignable to type 'Variant'.
      Type '{ opacity: number; y: number; transition: { duration: number; ease: string; }; }' is not assignable to type 'TargetAndTransition'.
        Type '{ opacity: number; y: number; transition: { duration: number; ease: string; }; }' is not assignable to type '{ transition?: Transition<any> | undefined; transitionEnd?: ResolvedValues | undefined; }'.
          Types of property 'transition' are incompatible.
            Type '{ duration: number; ease: string; }' is not assignable to type 'Transition<any> | undefined'.
              Type '{ duration: number; ease: string; }' is not assignable to type 'TransitionWithValueOverrides<any>'.
                Type '{ duration: number; ease: string; }' is not assignable to type 'ValueAnimationTransition<any>'.
                  Types of property 'ease' are incompatible.
                    Type 'string' is not assignable to type 'Easing | Easing[] | undefined'.
src/components/animate-ui/animated-menu-components.tsx(202,7): error TS2322: Type '{ initial: { scale: number; opacity: number; }; animate: { scale: number; opacity: number; transition: { type: string; stiffness: number; damping: number; }; }; exit: { scale: number; opacity: number; transition: { ...; }; }; pulse: { ...; }; }' is not assignable to type 'Variants'.
  Property 'animate' is incompatible with index signature.
    Type '{ scale: number; opacity: number; transition: { type: string; stiffness: number; damping: number; }; }' is not assignable to type 'Variant'.
      Type '{ scale: number; opacity: number; transition: { type: string; stiffness: number; damping: number; }; }' is not assignable to type 'TargetAndTransition'.
        Type '{ scale: number; opacity: number; transition: { type: string; stiffness: number; damping: number; }; }' is not assignable to type '{ transition?: Transition<any> | undefined; transitionEnd?: ResolvedValues | undefined; }'.
          Types of property 'transition' are incompatible.
            Type '{ type: string; stiffness: number; damping: number; }' is not assignable to type 'Transition<any> | undefined'.
              Type '{ type: string; stiffness: number; damping: number; }' is not assignable to type 'TransitionWithValueOverrides<any>'.
                Type '{ type: string; stiffness: number; damping: number; }' is not assignable to type 'ValueAnimationTransition<any>'.
                  Types of property 'type' are incompatible.
                    Type 'string' is not assignable to type 'AnimationGeneratorType | undefined'.
src/components/sidebar/app-sidebar.tsx(81,46): error TS2322: Type 'string | ReactElement<unknown, string | JSXElementConstructor<any>>' is not assignable to type 'string | undefined'.
  Type 'ReactElement<unknown, string | JSXElementConstructor<any>>' is not assignable to type 'string'.
